  Determining projects to restore...
  All projects are up-to-date for restore.
C:\Users\Administrator\source\repos\kaliteconfig\src\kaliteConfig\Controls\ThreadListDialog.xaml.cs(113,22): warning CS0219: The variable 'anyLocked' is assigned but its value is never used [C:\Users\Administrator\source\repos\kaliteconfig\src\kaliteConfig\kaliteConfig.csproj]
C:\Users\Administrator\source\repos\kaliteconfig\src\kaliteConfig\GpuOverclock\ViewModels\OverclockViewModel.cs(364,34): warning CS8602: Dereference of a possibly null reference. [C:\Users\Administrator\source\repos\kaliteconfig\src\kaliteConfig\kaliteConfig.csproj]
C:\Users\Administrator\source\repos\kaliteconfig\src\kaliteConfig\Services\AmdDriverService.cs(146,31): warning CS8600: Converting null literal or possible null value to non-nullable type. [C:\Users\Administrator\source\repos\kaliteconfig\src\kaliteConfig\kaliteConfig.csproj]
C:\Users\Administrator\source\repos\kaliteconfig\src\kaliteConfig\Pages\InstallerPage.xaml.cs(75,34): warning CS0252: Possible unintended reference comparison; to get a value comparison, cast the left hand side to type 'RadioButton' [C:\Users\Administrator\source\repos\kaliteconfig\src\kaliteConfig\kaliteConfig.csproj]
C:\Users\Administrator\source\repos\kaliteconfig\src\kaliteConfig\Services\NvidiaDisplayService.cs(85,115): error CS1061: 'DisplayDevice' does not contain a definition for 'Name' and no accessible extension method 'Name' accepting a first argument of type 'DisplayDevice' could be found (are you missing a using directive or an assembly reference?) [C:\Users\Administrator\source\repos\kaliteconfig\src\kaliteConfig\kaliteConfig.csproj]
C:\Users\Administrator\source\repos\kaliteconfig\src\kaliteConfig\Services\NvidiaDisplayService.cs(148,111): error CS1061: 'DisplayDevice' does not contain a definition for 'Name' and no accessible extension method 'Name' accepting a first argument of type 'DisplayDevice' could be found (are you missing a using directive or an assembly reference?) [C:\Users\Administrator\source\repos\kaliteconfig\src\kaliteConfig\kaliteConfig.csproj]
C:\Users\Administrator\source\repos\kaliteconfig\src\kaliteConfig\Services\NvidiaDisplayService.cs(152,38): error CS7036: There is no argument given that corresponds to the required parameter 'flags' of 'PathInfo.SetDisplaysConfig(PathInfo[], DisplayConfigFlags)' [C:\Users\Administrator\source\repos\kaliteconfig\src\kaliteConfig\kaliteConfig.csproj]
C:\Users\Administrator\.nuget\packages\microsoft.windowsappsdk.winui\2.3.6\buildTransitive\Microsoft.UI.Xaml.Markup.Compiler.interop.targets(864,9): XamlCompiler warning WMC1509: No LocalAssembly parameter given during MarkupCompilePass2 for the currently building project.  This will likely cause type resolution errors for any types from the current project. [C:\Users\Administrator\source\repos\kaliteconfig\src\kaliteConfig\kaliteConfig.csproj]
C:\Users\Administrator\source\repos\kaliteconfig\src\kaliteConfig\Controls\NvidiaComponentPickerDialog.xaml(28,18): XamlCompiler error WMC0909: Cannot resolve DataType local:NvidiaComponentVm [C:\Users\Administrator\source\repos\kaliteconfig\src\kaliteConfig\kaliteConfig.csproj]
Controls\NvidiaComponentPickerDialog.xaml(35,26): XamlCompiler error WMC1111: DataTemplates containing x:Bind need a DataType to be specified using 'x:DataType' [C:\Users\Administrator\source\repos\kaliteconfig\src\kaliteConfig\kaliteConfig.csproj]
C:\Users\Administrator\source\repos\kaliteconfig\src\kaliteConfig\Controls\RuleEditorDialog.xaml(244,26): XamlCompiler error WMC0909: Cannot resolve DataType models:TunerThreadRule [C:\Users\Administrator\source\repos\kaliteconfig\src\kaliteConfig\kaliteConfig.csproj]
C:\Users\Administrator\source\repos\kaliteconfig\src\kaliteConfig\Controls\RuleEditorDialog.xaml(213,34): XamlCompiler error WMC0909: Cannot resolve DataType services:LiveThreadInfo [C:\Users\Administrator\source\repos\kaliteconfig\src\kaliteConfig\kaliteConfig.csproj]
Controls\RuleEditorDialog.xaml(285,42): XamlCompiler error WMC1111: DataTemplates containing x:Bind need a DataType to be specified using 'x:DataType' [C:\Users\Administrator\source\repos\kaliteconfig\src\kaliteConfig\kaliteConfig.csproj]
C:\Users\Administrator\.nuget\packages\microsoft.windowsappsdk.winui\2.3.6\buildTransitive\Microsoft.UI.Xaml.Markup.Compiler.interop.targets(864,9): Xaml Internal Error error WMC9999: Object reference not set to an instance of an object. [C:\Users\Administrator\source\repos\kaliteconfig\src\kaliteConfig\kaliteConfig.csproj]

Build FAILED.

C:\Users\Administrator\source\repos\kaliteconfig\src\kaliteConfig\Controls\ThreadListDialog.xaml.cs(113,22): warning CS0219: The variable 'anyLocked' is assigned but its value is never used [C:\Users\Administrator\source\repos\kaliteconfig\src\kaliteConfig\kaliteConfig.csproj]
C:\Users\Administrator\source\repos\kaliteconfig\src\kaliteConfig\GpuOverclock\ViewModels\OverclockViewModel.cs(364,34): warning CS8602: Dereference of a possibly null reference. [C:\Users\Administrator\source\repos\kaliteconfig\src\kaliteConfig\kaliteConfig.csproj]
C:\Users\Administrator\source\repos\kaliteconfig\src\kaliteConfig\Services\AmdDriverService.cs(146,31): warning CS8600: Converting null literal or possible null value to non-nullable type. [C:\Users\Administrator\source\repos\kaliteconfig\src\kaliteConfig\kaliteConfig.csproj]
C:\Users\Administrator\source\repos\kaliteconfig\src\kaliteConfig\Pages\InstallerPage.xaml.cs(75,34): warning CS0252: Possible unintended reference comparison; to get a value comparison, cast the left hand side to type 'RadioButton' [C:\Users\Administrator\source\repos\kaliteconfig\src\kaliteConfig\kaliteConfig.csproj]
C:\Users\Administrator\.nuget\packages\microsoft.windowsappsdk.winui\2.3.6\buildTransitive\Microsoft.UI.Xaml.Markup.Compiler.interop.targets(864,9): XamlCompiler warning WMC1509: No LocalAssembly parameter given during MarkupCompilePass2 for the currently building project.  This will likely cause type resolution errors for any types from the current project. [C:\Users\Administrator\source\repos\kaliteconfig\src\kaliteConfig\kaliteConfig.csproj]
C:\Users\Administrator\source\repos\kaliteconfig\src\kaliteConfig\Services\NvidiaDisplayService.cs(85,115): error CS1061: 'DisplayDevice' does not contain a definition for 'Name' and no accessible extension method 'Name' accepting a first argument of type 'DisplayDevice' could be found (are you missing a using directive or an assembly reference?) [C:\Users\Administrator\source\repos\kaliteconfig\src\kaliteConfig\kaliteConfig.csproj]
C:\Users\Administrator\source\repos\kaliteconfig\src\kaliteConfig\Services\NvidiaDisplayService.cs(148,111): error CS1061: 'DisplayDevice' does not contain a definition for 'Name' and no accessible extension method 'Name' accepting a first argument of type 'DisplayDevice' could be found (are you missing a using directive or an assembly reference?) [C:\Users\Administrator\source\repos\kaliteconfig\src\kaliteConfig\kaliteConfig.csproj]
C:\Users\Administrator\source\repos\kaliteconfig\src\kaliteConfig\Services\NvidiaDisplayService.cs(152,38): error CS7036: There is no argument given that corresponds to the required parameter 'flags' of 'PathInfo.SetDisplaysConfig(PathInfo[], DisplayConfigFlags)' [C:\Users\Administrator\source\repos\kaliteconfig\src\kaliteConfig\kaliteConfig.csproj]
C:\Users\Administrator\source\repos\kaliteconfig\src\kaliteConfig\Controls\NvidiaComponentPickerDialog.xaml(28,18): XamlCompiler error WMC0909: Cannot resolve DataType local:NvidiaComponentVm [C:\Users\Administrator\source\repos\kaliteconfig\src\kaliteConfig\kaliteConfig.csproj]
Controls\NvidiaComponentPickerDialog.xaml(35,26): XamlCompiler error WMC1111: DataTemplates containing x:Bind need a DataType to be specified using 'x:DataType' [C:\Users\Administrator\source\repos\kaliteconfig\src\kaliteConfig\kaliteConfig.csproj]
C:\Users\Administrator\source\repos\kaliteconfig\src\kaliteConfig\Controls\RuleEditorDialog.xaml(244,26): XamlCompiler error WMC0909: Cannot resolve DataType models:TunerThreadRule [C:\Users\Administrator\source\repos\kaliteconfig\src\kaliteConfig\kaliteConfig.csproj]
C:\Users\Administrator\source\repos\kaliteconfig\src\kaliteConfig\Controls\RuleEditorDialog.xaml(213,34): XamlCompiler error WMC0909: Cannot resolve DataType services:LiveThreadInfo [C:\Users\Administrator\source\repos\kaliteconfig\src\kaliteConfig\kaliteConfig.csproj]
Controls\RuleEditorDialog.xaml(285,42): XamlCompiler error WMC1111: DataTemplates containing x:Bind need a DataType to be specified using 'x:DataType' [C:\Users\Administrator\source\repos\kaliteconfig\src\kaliteConfig\kaliteConfig.csproj]
C:\Users\Administrator\.nuget\packages\microsoft.windowsappsdk.winui\2.3.6\buildTransitive\Microsoft.UI.Xaml.Markup.Compiler.interop.targets(864,9): Xaml Internal Error error WMC9999: Object reference not set to an instance of an object. [C:\Users\Administrator\source\repos\kaliteconfig\src\kaliteConfig\kaliteConfig.csproj]
    5 Warning(s)
    9 Error(s)

Time Elapsed 00:00:09.31
