  Determining projects to restore...
  All projects are up-to-date for restore.
C:\Users\Administrator\source\repos\kaliteconfig\PackageManager\ViewModels\PackageBundlesViewModel.cs(32,45): warning CS0628: 'PackageBundlesViewModel.Module': new protected member declared in sealed type [C:\Users\Administrator\source\repos\kaliteconfig\kaliteConfig.csproj]
C:\Users\Administrator\source\repos\kaliteconfig\PackageManager\ViewModels\PackageManagerPreferencesViewModel.cs(16,45): warning CS0628: 'PackageManagerPreferencesViewModel.Module': new protected member declared in sealed type [C:\Users\Administrator\source\repos\kaliteconfig\kaliteConfig.csproj]
C:\Users\Administrator\source\repos\kaliteconfig\Native\NativeSnapshotService.cs(246,50): error CS0117: 'NativeMethods.Ntdll' does not contain a definition for 'NtQueryInformationThreadName' [C:\Users\Administrator\source\repos\kaliteconfig\kaliteConfig.csproj]
C:\Users\Administrator\source\repos\kaliteconfig\Native\NativeSnapshotService.cs(265,54): error CS0117: 'NativeMethods.Ntdll' does not contain a definition for 'NtQueryInformationThreadName' [C:\Users\Administrator\source\repos\kaliteconfig\kaliteConfig.csproj]
C:\Users\Administrator\source\repos\kaliteconfig\GpuOverclock\Services\NvApiGpuController.cs(612,59): warning CS8602: Dereference of a possibly null reference. [C:\Users\Administrator\source\repos\kaliteconfig\kaliteConfig.csproj]
C:\Users\Administrator\source\repos\kaliteconfig\GpuOverclock\Services\NvApiGpuController.cs(1020,59): warning CS8602: Dereference of a possibly null reference. [C:\Users\Administrator\source\repos\kaliteconfig\kaliteConfig.csproj]
C:\Users\Administrator\.nuget\packages\microsoft.windowsappsdk.winui\2.3.6\buildTransitive\Microsoft.UI.Xaml.Markup.Compiler.interop.targets(864,9): XamlCompiler warning WMC1509: No LocalAssembly parameter given during MarkupCompilePass2 for the currently building project.  This will likely cause type resolution errors for any types from the current project. [C:\Users\Administrator\source\repos\kaliteconfig\kaliteConfig.csproj]
C:\Users\Administrator\source\repos\kaliteconfig\Controls\NvidiaComponentPickerDialog.xaml(28,18): XamlCompiler error WMC0909: Cannot resolve DataType local:NvidiaComponentVm [C:\Users\Administrator\source\repos\kaliteconfig\kaliteConfig.csproj]
Controls\NvidiaComponentPickerDialog.xaml(35,26): XamlCompiler error WMC1111: DataTemplates containing x:Bind need a DataType to be specified using 'x:DataType' [C:\Users\Administrator\source\repos\kaliteconfig\kaliteConfig.csproj]
C:\Users\Administrator\source\repos\kaliteconfig\Controls\RuleEditorDialog.xaml(232,26): XamlCompiler error WMC0909: Cannot resolve DataType models:TunerThreadRule [C:\Users\Administrator\source\repos\kaliteconfig\kaliteConfig.csproj]
C:\Users\Administrator\source\repos\kaliteconfig\Controls\RuleEditorDialog.xaml(201,34): XamlCompiler error WMC0909: Cannot resolve DataType services:LiveThreadInfo [C:\Users\Administrator\source\repos\kaliteconfig\kaliteConfig.csproj]
Controls\RuleEditorDialog.xaml(273,42): XamlCompiler error WMC1111: DataTemplates containing x:Bind need a DataType to be specified using 'x:DataType' [C:\Users\Administrator\source\repos\kaliteconfig\kaliteConfig.csproj]
C:\Users\Administrator\source\repos\kaliteconfig\Controls\ThreadListDialog.xaml(34,22): XamlCompiler error WMC0909: Cannot resolve DataType controls:ThreadRow [C:\Users\Administrator\source\repos\kaliteconfig\kaliteConfig.csproj]
Controls\ThreadListDialog.xaml(41,30): XamlCompiler error WMC1111: DataTemplates containing x:Bind need a DataType to be specified using 'x:DataType' [C:\Users\Administrator\source\repos\kaliteconfig\kaliteConfig.csproj]
C:\Users\Administrator\source\repos\kaliteconfig\GpuOverclock\Views\OverclockSection.xaml(633,34): XamlCompiler error WMC0909: Cannot resolve DataType models:AppliedChangeLogEntry [C:\Users\Administrator\source\repos\kaliteconfig\kaliteConfig.csproj]
C:\Users\Administrator\source\repos\kaliteconfig\GpuOverclock\Views\OverclockSection.xaml(544,34): XamlCompiler error WMC0909: Cannot resolve DataType vm:GameBindingRow [C:\Users\Administrator\source\repos\kaliteconfig\kaliteConfig.csproj]
C:\Users\Administrator\source\repos\kaliteconfig\GpuOverclock\Views\OverclockSection.xaml(477,34): XamlCompiler error WMC0909: Cannot resolve DataType models:OverclockProfile [C:\Users\Administrator\source\repos\kaliteconfig\kaliteConfig.csproj]
C:\Users\Administrator\source\repos\kaliteconfig\GpuOverclock\Views\OverclockSection.xaml(368,34): XamlCompiler error WMC0909: Cannot resolve DataType vm:FanCurvePointRow [C:\Users\Administrator\source\repos\kaliteconfig\kaliteConfig.csproj]
C:\Users\Administrator\source\repos\kaliteconfig\GpuOverclock\Views\OverclockSection.xaml(102,26): XamlCompiler error WMC0909: Cannot resolve DataType vm:TelemetryTileRow [C:\Users\Administrator\source\repos\kaliteconfig\kaliteConfig.csproj]
GpuOverclock\Views\OverclockSection.xaml(636,42): XamlCompiler error WMC1111: DataTemplates containing x:Bind need a DataType to be specified using 'x:DataType' [C:\Users\Administrator\source\repos\kaliteconfig\kaliteConfig.csproj]
C:\Users\Administrator\.nuget\packages\microsoft.windowsappsdk.winui\2.3.6\buildTransitive\Microsoft.UI.Xaml.Markup.Compiler.interop.targets(864,9): Xaml Internal Error error WMC9999: Object reference not set to an instance of an object. [C:\Users\Administrator\source\repos\kaliteconfig\kaliteConfig.csproj]

Build FAILED.

C:\Users\Administrator\source\repos\kaliteconfig\PackageManager\ViewModels\PackageBundlesViewModel.cs(32,45): warning CS0628: 'PackageBundlesViewModel.Module': new protected member declared in sealed type [C:\Users\Administrator\source\repos\kaliteconfig\kaliteConfig.csproj]
C:\Users\Administrator\source\repos\kaliteconfig\PackageManager\ViewModels\PackageManagerPreferencesViewModel.cs(16,45): warning CS0628: 'PackageManagerPreferencesViewModel.Module': new protected member declared in sealed type [C:\Users\Administrator\source\repos\kaliteconfig\kaliteConfig.csproj]
C:\Users\Administrator\source\repos\kaliteconfig\GpuOverclock\Services\NvApiGpuController.cs(612,59): warning CS8602: Dereference of a possibly null reference. [C:\Users\Administrator\source\repos\kaliteconfig\kaliteConfig.csproj]
C:\Users\Administrator\source\repos\kaliteconfig\GpuOverclock\Services\NvApiGpuController.cs(1020,59): warning CS8602: Dereference of a possibly null reference. [C:\Users\Administrator\source\repos\kaliteconfig\kaliteConfig.csproj]
C:\Users\Administrator\.nuget\packages\microsoft.windowsappsdk.winui\2.3.6\buildTransitive\Microsoft.UI.Xaml.Markup.Compiler.interop.targets(864,9): XamlCompiler warning WMC1509: No LocalAssembly parameter given during MarkupCompilePass2 for the currently building project.  This will likely cause type resolution errors for any types from the current project. [C:\Users\Administrator\source\repos\kaliteconfig\kaliteConfig.csproj]
C:\Users\Administrator\source\repos\kaliteconfig\Native\NativeSnapshotService.cs(246,50): error CS0117: 'NativeMethods.Ntdll' does not contain a definition for 'NtQueryInformationThreadName' [C:\Users\Administrator\source\repos\kaliteconfig\kaliteConfig.csproj]
C:\Users\Administrator\source\repos\kaliteconfig\Native\NativeSnapshotService.cs(265,54): error CS0117: 'NativeMethods.Ntdll' does not contain a definition for 'NtQueryInformationThreadName' [C:\Users\Administrator\source\repos\kaliteconfig\kaliteConfig.csproj]
C:\Users\Administrator\source\repos\kaliteconfig\Controls\NvidiaComponentPickerDialog.xaml(28,18): XamlCompiler error WMC0909: Cannot resolve DataType local:NvidiaComponentVm [C:\Users\Administrator\source\repos\kaliteconfig\kaliteConfig.csproj]
Controls\NvidiaComponentPickerDialog.xaml(35,26): XamlCompiler error WMC1111: DataTemplates containing x:Bind need a DataType to be specified using 'x:DataType' [C:\Users\Administrator\source\repos\kaliteconfig\kaliteConfig.csproj]
C:\Users\Administrator\source\repos\kaliteconfig\Controls\RuleEditorDialog.xaml(232,26): XamlCompiler error WMC0909: Cannot resolve DataType models:TunerThreadRule [C:\Users\Administrator\source\repos\kaliteconfig\kaliteConfig.csproj]
C:\Users\Administrator\source\repos\kaliteconfig\Controls\RuleEditorDialog.xaml(201,34): XamlCompiler error WMC0909: Cannot resolve DataType services:LiveThreadInfo [C:\Users\Administrator\source\repos\kaliteconfig\kaliteConfig.csproj]
Controls\RuleEditorDialog.xaml(273,42): XamlCompiler error WMC1111: DataTemplates containing x:Bind need a DataType to be specified using 'x:DataType' [C:\Users\Administrator\source\repos\kaliteconfig\kaliteConfig.csproj]
C:\Users\Administrator\source\repos\kaliteconfig\Controls\ThreadListDialog.xaml(34,22): XamlCompiler error WMC0909: Cannot resolve DataType controls:ThreadRow [C:\Users\Administrator\source\repos\kaliteconfig\kaliteConfig.csproj]
Controls\ThreadListDialog.xaml(41,30): XamlCompiler error WMC1111: DataTemplates containing x:Bind need a DataType to be specified using 'x:DataType' [C:\Users\Administrator\source\repos\kaliteconfig\kaliteConfig.csproj]
C:\Users\Administrator\source\repos\kaliteconfig\GpuOverclock\Views\OverclockSection.xaml(633,34): XamlCompiler error WMC0909: Cannot resolve DataType models:AppliedChangeLogEntry [C:\Users\Administrator\source\repos\kaliteconfig\kaliteConfig.csproj]
C:\Users\Administrator\source\repos\kaliteconfig\GpuOverclock\Views\OverclockSection.xaml(544,34): XamlCompiler error WMC0909: Cannot resolve DataType vm:GameBindingRow [C:\Users\Administrator\source\repos\kaliteconfig\kaliteConfig.csproj]
C:\Users\Administrator\source\repos\kaliteconfig\GpuOverclock\Views\OverclockSection.xaml(477,34): XamlCompiler error WMC0909: Cannot resolve DataType models:OverclockProfile [C:\Users\Administrator\source\repos\kaliteconfig\kaliteConfig.csproj]
C:\Users\Administrator\source\repos\kaliteconfig\GpuOverclock\Views\OverclockSection.xaml(368,34): XamlCompiler error WMC0909: Cannot resolve DataType vm:FanCurvePointRow [C:\Users\Administrator\source\repos\kaliteconfig\kaliteConfig.csproj]
C:\Users\Administrator\source\repos\kaliteconfig\GpuOverclock\Views\OverclockSection.xaml(102,26): XamlCompiler error WMC0909: Cannot resolve DataType vm:TelemetryTileRow [C:\Users\Administrator\source\repos\kaliteconfig\kaliteConfig.csproj]
GpuOverclock\Views\OverclockSection.xaml(636,42): XamlCompiler error WMC1111: DataTemplates containing x:Bind need a DataType to be specified using 'x:DataType' [C:\Users\Administrator\source\repos\kaliteconfig\kaliteConfig.csproj]
C:\Users\Administrator\.nuget\packages\microsoft.windowsappsdk.winui\2.3.6\buildTransitive\Microsoft.UI.Xaml.Markup.Compiler.interop.targets(864,9): Xaml Internal Error error WMC9999: Object reference not set to an instance of an object. [C:\Users\Administrator\source\repos\kaliteconfig\kaliteConfig.csproj]
    5 Warning(s)
    16 Error(s)

Time Elapsed 00:00:06.20
